Archive member included to satisfy reference by file (symbol)

c:/st/stm32cubeide_1.4.0/stm32cubeide/plugins/com.st.stm32cube.ide.mcu.externaltools.gnu-tools-for-stm32.7-2018-q2-update.win32_1.4.0.202007081208/tools/bin/../lib/gcc/arm-none-eabi/7.3.1/../../../../arm-none-eabi/lib/thumb/v6-m\libc_nano.a(lib_a-errno.o)
                              Src/syscalls.o (__errno)
c:/st/stm32cubeide_1.4.0/stm32cubeide/plugins/com.st.stm32cube.ide.mcu.externaltools.gnu-tools-for-stm32.7-2018-q2-update.win32_1.4.0.202007081208/tools/bin/../lib/gcc/arm-none-eabi/7.3.1/../../../../arm-none-eabi/lib/thumb/v6-m\libc_nano.a(lib_a-exit.o)
                              c:/st/stm32cubeide_1.4.0/stm32cubeide/plugins/com.st.stm32cube.ide.mcu.externaltools.gnu-tools-for-stm32.7-2018-q2-update.win32_1.4.0.202007081208/tools/bin/../lib/gcc/arm-none-eabi/7.3.1/../../../../arm-none-eabi/lib/thumb/v6-m/crt0.o (exit)
c:/st/stm32cubeide_1.4.0/stm32cubeide/plugins/com.st.stm32cube.ide.mcu.externaltools.gnu-tools-for-stm32.7-2018-q2-update.win32_1.4.0.202007081208/tools/bin/../lib/gcc/arm-none-eabi/7.3.1/../../../../arm-none-eabi/lib/thumb/v6-m\libc_nano.a(lib_a-impure.o)
                              c:/st/stm32cubeide_1.4.0/stm32cubeide/plugins/com.st.stm32cube.ide.mcu.externaltools.gnu-tools-for-stm32.7-2018-q2-update.win32_1.4.0.202007081208/tools/bin/../lib/gcc/arm-none-eabi/7.3.1/../../../../arm-none-eabi/lib/thumb/v6-m\libc_nano.a(lib_a-exit.o) (_global_impure_ptr)
c:/st/stm32cubeide_1.4.0/stm32cubeide/plugins/com.st.stm32cube.ide.mcu.externaltools.gnu-tools-for-stm32.7-2018-q2-update.win32_1.4.0.202007081208/tools/bin/../lib/gcc/arm-none-eabi/7.3.1/../../../../arm-none-eabi/lib/thumb/v6-m\libc_nano.a(lib_a-init.o)
                              c:/st/stm32cubeide_1.4.0/stm32cubeide/plugins/com.st.stm32cube.ide.mcu.externaltools.gnu-tools-for-stm32.7-2018-q2-update.win32_1.4.0.202007081208/tools/bin/../lib/gcc/arm-none-eabi/7.3.1/../../../../arm-none-eabi/lib/thumb/v6-m/crt0.o (__libc_init_array)
c:/st/stm32cubeide_1.4.0/stm32cubeide/plugins/com.st.stm32cube.ide.mcu.externaltools.gnu-tools-for-stm32.7-2018-q2-update.win32_1.4.0.202007081208/tools/bin/../lib/gcc/arm-none-eabi/7.3.1/../../../../arm-none-eabi/lib/thumb/v6-m\libc_nano.a(lib_a-memset.o)
                              c:/st/stm32cubeide_1.4.0/stm32cubeide/plugins/com.st.stm32cube.ide.mcu.externaltools.gnu-tools-for-stm32.7-2018-q2-update.win32_1.4.0.202007081208/tools/bin/../lib/gcc/arm-none-eabi/7.3.1/../../../../arm-none-eabi/lib/thumb/v6-m/crt0.o (memset)

Allocating common symbols
Common symbol       size              file

Count               0x2               Src/DMA_main.o

Discarded input sections

 .text          0x0000000000000000        0x0 c:/st/stm32cubeide_1.4.0/stm32cubeide/plugins/com.st.stm32cube.ide.mcu.externaltools.gnu-tools-for-stm32.7-2018-q2-update.win32_1.4.0.202007081208/tools/bin/../lib/gcc/arm-none-eabi/7.3.1/thumb/v6-m/crti.o
 .data          0x0000000000000000        0x0 c:/st/stm32cubeide_1.4.0/stm32cubeide/plugins/com.st.stm32cube.ide.mcu.externaltools.gnu-tools-for-stm32.7-2018-q2-update.win32_1.4.0.202007081208/tools/bin/../lib/gcc/arm-none-eabi/7.3.1/thumb/v6-m/crti.o
 .bss           0x0000000000000000        0x0 c:/st/stm32cubeide_1.4.0/stm32cubeide/plugins/com.st.stm32cube.ide.mcu.externaltools.gnu-tools-for-stm32.7-2018-q2-update.win32_1.4.0.202007081208/tools/bin/../lib/gcc/arm-none-eabi/7.3.1/thumb/v6-m/crti.o
 .data          0x0000000000000000        0x4 c:/st/stm32cubeide_1.4.0/stm32cubeide/plugins/com.st.stm32cube.ide.mcu.externaltools.gnu-tools-for-stm32.7-2018-q2-update.win32_1.4.0.202007081208/tools/bin/../lib/gcc/arm-none-eabi/7.3.1/thumb/v6-m/crtbegin.o
 .text          0x0000000000000000       0x78 c:/st/stm32cubeide_1.4.0/stm32cubeide/plugins/com.st.stm32cube.ide.mcu.externaltools.gnu-tools-for-stm32.7-2018-q2-update.win32_1.4.0.202007081208/tools/bin/../lib/gcc/arm-none-eabi/7.3.1/../../../../arm-none-eabi/lib/thumb/v6-m/crt0.o
 .data          0x0000000000000000        0x0 c:/st/stm32cubeide_1.4.0/stm32cubeide/plugins/com.st.stm32cube.ide.mcu.externaltools.gnu-tools-for-stm32.7-2018-q2-update.win32_1.4.0.202007081208/tools/bin/../lib/gcc/arm-none-eabi/7.3.1/../../../../arm-none-eabi/lib/thumb/v6-m/crt0.o
 .bss           0x0000000000000000        0x0 c:/st/stm32cubeide_1.4.0/stm32cubeide/plugins/com.st.stm32cube.ide.mcu.externaltools.gnu-tools-for-stm32.7-2018-q2-update.win32_1.4.0.202007081208/tools/bin/../lib/gcc/arm-none-eabi/7.3.1/../../../../arm-none-eabi/lib/thumb/v6-m/crt0.o
 .ARM.extab     0x0000000000000000        0x0 c:/st/stm32cubeide_1.4.0/stm32cubeide/plugins/com.st.stm32cube.ide.mcu.externaltools.gnu-tools-for-stm32.7-2018-q2-update.win32_1.4.0.202007081208/tools/bin/../lib/gcc/arm-none-eabi/7.3.1/../../../../arm-none-eabi/lib/thumb/v6-m/crt0.o
 .ARM.exidx     0x0000000000000000        0x8 c:/st/stm32cubeide_1.4.0/stm32cubeide/plugins/com.st.stm32cube.ide.mcu.externaltools.gnu-tools-for-stm32.7-2018-q2-update.win32_1.4.0.202007081208/tools/bin/../lib/gcc/arm-none-eabi/7.3.1/../../../../arm-none-eabi/lib/thumb/v6-m/crt0.o
 .ARM.attributes
                0x0000000000000000       0x1b c:/st/stm32cubeide_1.4.0/stm32cubeide/plugins/com.st.stm32cube.ide.mcu.externaltools.gnu-tools-for-stm32.7-2018-q2-update.win32_1.4.0.202007081208/tools/bin/../lib/gcc/arm-none-eabi/7.3.1/../../../../arm-none-eabi/lib/thumb/v6-m/crt0.o
 .group         0x0000000000000000        0xc Src/DIO_prog.o
 .group         0x0000000000000000        0xc Src/DIO_prog.o
 .group         0x0000000000000000        0xc Src/DIO_prog.o
 .group         0x0000000000000000        0xc Src/DIO_prog.o
 .group         0x0000000000000000        0xc Src/DIO_prog.o
 .text          0x0000000000000000        0x0 Src/DIO_prog.o
 .data          0x0000000000000000        0x0 Src/DIO_prog.o
 .bss           0x0000000000000000        0x0 Src/DIO_prog.o
 .text.M_GPIO_void_SetPinDir
                0x0000000000000000      0x1e0 Src/DIO_prog.o
 .text.M_GPIO_void_SetPinValue
                0x0000000000000000      0x110 Src/DIO_prog.o
 .text.M_GPIO_void_GetPinValue
                0x0000000000000000       0x98 Src/DIO_prog.o
 .debug_info    0x0000000000000000      0x139 Src/DIO_prog.o
 .debug_abbrev  0x0000000000000000       0x88 Src/DIO_prog.o
 .debug_aranges
                0x0000000000000000       0x30 Src/DIO_prog.o
 .debug_ranges  0x0000000000000000       0x20 Src/DIO_prog.o
 .debug_macro   0x0000000000000000       0x35 Src/DIO_prog.o
 .debug_macro   0x0000000000000000      0xa4e Src/DIO_prog.o
 .debug_macro   0x0000000000000000       0x10 Src/DIO_prog.o
 .debug_macro   0x0000000000000000       0x22 Src/DIO_prog.o
 .debug_macro   0x0000000000000000       0x9a Src/DIO_prog.o
 .debug_macro   0x0000000000000000       0xe2 Src/DIO_prog.o
 .debug_line    0x0000000000000000      0x106 Src/DIO_prog.o
 .debug_str     0x0000000000000000     0x33a5 Src/DIO_prog.o
 .comment       0x0000000000000000       0x7c Src/DIO_prog.o
 .debug_frame   0x0000000000000000       0x70 Src/DIO_prog.o
 .ARM.attributes
                0x0000000000000000       0x31 Src/DIO_prog.o
 .group         0x0000000000000000        0xc Src/DMA_main.o
 .group         0x0000000000000000        0xc Src/DMA_main.o
 .group         0x0000000000000000        0xc Src/DMA_main.o
 .group         0x0000000000000000        0xc Src/DMA_main.o
 .group         0x0000000000000000        0xc Src/DMA_main.o
 .text          0x0000000000000000        0x0 Src/DMA_main.o
 .data          0x0000000000000000        0x0 Src/DMA_main.o
 .bss           0x0000000000000000        0x0 Src/DMA_main.o
 .text.DMA1_Channel1_IRQHandler
                0x0000000000000000        0xa Src/DMA_main.o
 .debug_macro   0x0000000000000000      0xa4e Src/DMA_main.o
 .debug_macro   0x0000000000000000       0x10 Src/DMA_main.o
 .debug_macro   0x0000000000000000       0x22 Src/DMA_main.o
 .debug_macro   0x0000000000000000       0xe2 Src/DMA_main.o
 .group         0x0000000000000000        0xc Src/DMA_program.o
 .group         0x0000000000000000        0xc Src/DMA_program.o
 .group         0x0000000000000000        0xc Src/DMA_program.o
 .group         0x0000000000000000        0xc Src/DMA_program.o
 .text          0x0000000000000000        0x0 Src/DMA_program.o
 .data          0x0000000000000000        0x0 Src/DMA_program.o
 .bss           0x0000000000000000        0x0 Src/DMA_program.o
 .debug_macro   0x0000000000000000      0xa4e Src/DMA_program.o
 .debug_macro   0x0000000000000000       0x10 Src/DMA_program.o
 .debug_macro   0x0000000000000000       0x22 Src/DMA_program.o
 .group         0x0000000000000000        0xc Src/EXTI_program.o
 .group         0x0000000000000000        0xc Src/EXTI_program.o
 .group         0x0000000000000000        0xc Src/EXTI_program.o
 .group         0x0000000000000000        0xc Src/EXTI_program.o
 .group         0x0000000000000000        0xc Src/EXTI_program.o
 .group         0x0000000000000000        0xc Src/EXTI_program.o
 .group         0x0000000000000000        0xc Src/EXTI_program.o
 .text          0x0000000000000000        0x0 Src/EXTI_program.o
 .data          0x0000000000000000        0x0 Src/EXTI_program.o
 .bss           0x0000000000000000        0x0 Src/EXTI_program.o
 .bss.EXTI0_CallBack
                0x0000000000000000        0x4 Src/EXTI_program.o
 .text.EXTI_voidInit
                0x0000000000000000        0xa Src/EXTI_program.o
 .text.EXTI_voidEnableLine
                0x0000000000000000       0x30 Src/EXTI_program.o
 .text.EXTI_voidDisableLine
                0x0000000000000000       0x30 Src/EXTI_program.o
 .text.EXTI_voidSetExtiEdge
                0x0000000000000000       0xec Src/EXTI_program.o
 .text.EXTI_voidSetCallBack
                0x0000000000000000       0x20 Src/EXTI_program.o
 .text.EXTI0_IRQHandler
                0x0000000000000000       0x14 Src/EXTI_program.o
 .debug_info    0x0000000000000000      0x1ae Src/EXTI_program.o
 .debug_abbrev  0x0000000000000000       0xf5 Src/EXTI_program.o
 .debug_aranges
                0x0000000000000000       0x48 Src/EXTI_program.o
 .debug_ranges  0x0000000000000000       0x38 Src/EXTI_program.o
 .debug_macro   0x0000000000000000       0x51 Src/EXTI_program.o
 .debug_macro   0x0000000000000000      0xa4e Src/EXTI_program.o
 .debug_macro   0x0000000000000000       0x10 Src/EXTI_program.o
 .debug_macro   0x0000000000000000       0x22 Src/EXTI_program.o
 .debug_macro   0x0000000000000000       0x70 Src/EXTI_program.o
 .debug_macro   0x0000000000000000       0x10 Src/EXTI_program.o
 .debug_macro   0x0000000000000000       0x22 Src/EXTI_program.o
 .debug_macro   0x0000000000000000       0x10 Src/EXTI_program.o
 .debug_line    0x0000000000000000      0x11f Src/EXTI_program.o
 .debug_str     0x0000000000000000     0x313f Src/EXTI_program.o
 .comment       0x0000000000000000       0x7c Src/EXTI_program.o
 .debug_frame   0x0000000000000000       0xc8 Src/EXTI_program.o
 .ARM.attributes
                0x0000000000000000       0x31 Src/EXTI_program.o
 .group         0x0000000000000000        0xc Src/NVIC_prog.o
 .group         0x0000000000000000        0xc Src/NVIC_prog.o
 .group         0x0000000000000000        0xc Src/NVIC_prog.o
 .group         0x0000000000000000        0xc Src/NVIC_prog.o
 .group         0x0000000000000000        0xc Src/NVIC_prog.o
 .text          0x0000000000000000        0x0 Src/NVIC_prog.o
 .data          0x0000000000000000        0x0 Src/NVIC_prog.o
 .bss           0x0000000000000000        0x0 Src/NVIC_prog.o
 .bss.EXTI0_CallBack
                0x0000000000000000        0x4 Src/NVIC_prog.o
 .bss.EXTI1_CallBack
                0x0000000000000000        0x4 Src/NVIC_prog.o
 .text.NVIC_void_DisableInt
                0x0000000000000000       0x50 Src/NVIC_prog.o
 .text.NVIC_void_Enable_PendingFlag
                0x0000000000000000       0x50 Src/NVIC_prog.o
 .text.NVIC_void_Clr_PendingFlag
                0x0000000000000000       0x50 Src/NVIC_prog.o
 .text.NVIC_u8_GetActiveFlag
                0x0000000000000000       0x80 Src/NVIC_prog.o
 .text.NVIC_void_Set_Periority
                0x0000000000000000       0x34 Src/NVIC_prog.o
 .text.NVIC_voidEXTI0SetCallBack
                0x0000000000000000       0x20 Src/NVIC_prog.o
 .text.NVIC_voidEXTI1SetCallBack
                0x0000000000000000       0x20 Src/NVIC_prog.o
 .text.EXTI1_IRQHandler
                0x0000000000000000       0x14 Src/NVIC_prog.o
 .debug_macro   0x0000000000000000      0xa4e Src/NVIC_prog.o
 .debug_macro   0x0000000000000000       0x10 Src/NVIC_prog.o
 .debug_macro   0x0000000000000000       0x22 Src/NVIC_prog.o
 .debug_macro   0x0000000000000000       0x70 Src/NVIC_prog.o
 .debug_macro   0x0000000000000000       0x10 Src/NVIC_prog.o
 .group         0x0000000000000000        0xc Src/PB_prog.o
 .group         0x0000000000000000        0xc Src/PB_prog.o
 .group         0x0000000000000000        0xc Src/PB_prog.o
 .group         0x0000000000000000        0xc Src/PB_prog.o
 .group         0x0000000000000000        0xc Src/PB_prog.o
 .text          0x0000000000000000        0x0 Src/PB_prog.o
 .data          0x0000000000000000        0x0 Src/PB_prog.o
 .bss           0x0000000000000000        0x0 Src/PB_prog.o
 .text.PB_void_Init
                0x0000000000000000       0x1e Src/PB_prog.o
 .text.PB_void_GetRead
                0x0000000000000000       0x1c Src/PB_prog.o
 .debug_info    0x0000000000000000       0xa7 Src/PB_prog.o
 .debug_abbrev  0x0000000000000000       0x77 Src/PB_prog.o
 .debug_aranges
                0x0000000000000000       0x28 Src/PB_prog.o
 .debug_ranges  0x0000000000000000       0x18 Src/PB_prog.o
 .debug_macro   0x0000000000000000       0x3f Src/PB_prog.o
 .debug_macro   0x0000000000000000      0xa4e Src/PB_prog.o
 .debug_macro   0x0000000000000000       0x10 Src/PB_prog.o
 .debug_macro   0x0000000000000000       0x22 Src/PB_prog.o
 .debug_macro   0x0000000000000000       0xe2 Src/PB_prog.o
 .debug_macro   0x0000000000000000       0x1c Src/PB_prog.o
 .debug_line    0x0000000000000000       0xa4 Src/PB_prog.o
 .debug_str     0x0000000000000000     0x2fd1 Src/PB_prog.o
 .comment       0x0000000000000000       0x7c Src/PB_prog.o
 .debug_frame   0x0000000000000000       0x4c Src/PB_prog.o
 .ARM.attributes
                0x0000000000000000       0x31 Src/PB_prog.o
 .group         0x0000000000000000        0xc Src/RCC_program.o
 .group         0x0000000000000000        0xc Src/RCC_program.o
 .group         0x0000000000000000        0xc Src/RCC_program.o
 .group         0x0000000000000000        0xc Src/RCC_program.o
 .group         0x0000000000000000        0xc Src/RCC_program.o
 .group         0x0000000000000000        0xc Src/RCC_program.o
 .text          0x0000000000000000        0x0 Src/RCC_program.o
 .data          0x0000000000000000        0x0 Src/RCC_program.o
 .bss           0x0000000000000000        0x0 Src/RCC_program.o
 .text.MRCC_voidDisablePerClk
                0x0000000000000000       0x90 Src/RCC_program.o
 .debug_macro   0x0000000000000000      0xa4e Src/RCC_program.o
 .debug_macro   0x0000000000000000       0x10 Src/RCC_program.o
 .debug_macro   0x0000000000000000       0x22 Src/RCC_program.o
 .debug_macro   0x0000000000000000       0x1c Src/RCC_program.o
 .group         0x0000000000000000        0xc Src/STK_program.o
 .group         0x0000000000000000        0xc Src/STK_program.o
 .group         0x0000000000000000        0xc Src/STK_program.o
 .group         0x0000000000000000        0xc Src/STK_program.o
 .group         0x0000000000000000        0xc Src/STK_program.o
 .text          0x0000000000000000        0x0 Src/STK_program.o
 .data          0x0000000000000000        0x0 Src/STK_program.o
 .bss           0x0000000000000000        0x0 Src/STK_program.o
 .text.STK_voidInit
                0x0000000000000000       0x14 Src/STK_program.o
 .text.STK_voidBusyWait
                0x0000000000000000       0x50 Src/STK_program.o
 .text.STK_voidSetIntervalSingle
                0x0000000000000000       0x48 Src/STK_program.o
 .text.STK_voidSetIntervalPeriodic
                0x0000000000000000       0x48 Src/STK_program.o
 .text.STK_voidStopInterval
                0x0000000000000000       0x28 Src/STK_program.o
 .text.STK_u32GetElapsedTime
                0x0000000000000000       0x20 Src/STK_program.o
 .text.STK_u32GetRemainingTime
                0x0000000000000000       0x1c Src/STK_program.o
 .debug_macro   0x0000000000000000      0xa4e Src/STK_program.o
 .debug_macro   0x0000000000000000       0x10 Src/STK_program.o
 .debug_macro   0x0000000000000000       0x22 Src/STK_program.o
 .group         0x0000000000000000        0xc Src/syscalls.o
 .group         0x0000000000000000        0xc Src/syscalls.o
 .group         0x0000000000000000        0xc Src/syscalls.o
 .group         0x0000000000000000        0xc Src/syscalls.o
 .group         0x0000000000000000        0xc Src/syscalls.o
 .group         0x0000000000000000        0xc Src/syscalls.o
 .group         0x0000000000000000        0xc Src/syscalls.o
 .group         0x0000000000000000        0xc Src/syscalls.o
 .group         0x0000000000000000        0xc Src/syscalls.o
 .group         0x0000000000000000        0xc Src/syscalls.o
 .group         0x0000000000000000        0xc Src/syscalls.o
 .group         0x0000000000000000        0xc Src/syscalls.o
 .group         0x0000000000000000        0xc Src/syscalls.o
 .group         0x0000000000000000        0xc Src/syscalls.o
 .group         0x0000000000000000        0xc Src/syscalls.o
 .group         0x0000000000000000        0xc Src/syscalls.o
 .group         0x0000000000000000        0xc Src/syscalls.o
 .group         0x0000000000000000        0xc Src/syscalls.o
 .group         0x0000000000000000        0xc Src/syscalls.o
 .group         0x0000000000000000        0xc Src/syscalls.o
 .group         0x0000000000000000        0xc Src/syscalls.o
 .group         0x0000000000000000        0xc Src/syscalls.o
 .group         0x0000000000000000        0xc Src/syscalls.o
 .group         0x0000000000000000        0xc Src/syscalls.o
 .group         0x0000000000000000        0xc Src/syscalls.o
 .group         0x0000000000000000        0xc Src/syscalls.o
 .group         0x0000000000000000        0xc Src/syscalls.o
 .group         0x0000000000000000        0xc Src/syscalls.o
 .group         0x0000000000000000        0xc Src/syscalls.o
 .group         0x0000000000000000        0xc Src/syscalls.o
 .group         0x0000000000000000        0xc Src/syscalls.o
 .group         0x0000000000000000        0xc Src/syscalls.o
 .group         0x0000000000000000        0xc Src/syscalls.o
 .group         0x0000000000000000        0xc Src/syscalls.o
 .group         0x0000000000000000        0xc Src/syscalls.o
 .group         0x0000000000000000        0xc Src/syscalls.o
 .group         0x0000000000000000        0xc Src/syscalls.o
 .group         0x0000000000000000        0xc Src/syscalls.o
 .group         0x0000000000000000        0xc Src/syscalls.o
 .group         0x0000000000000000        0xc Src/syscalls.o
 .group         0x0000000000000000        0xc Src/syscalls.o
 .group         0x0000000000000000        0xc Src/syscalls.o
 .group         0x0000000000000000        0xc Src/syscalls.o
 .group         0x0000000000000000        0xc Src/syscalls.o
 .text          0x0000000000000000        0x0 Src/syscalls.o
 .data          0x0000000000000000        0x0 Src/syscalls.o
 .bss           0x0000000000000000        0x0 Src/syscalls.o
 .bss.__env     0x0000000000000000        0x4 Src/syscalls.o
 .data.environ  0x0000000000000000        0x4 Src/syscalls.o
 .text.initialise_monitor_handles
                0x0000000000000000        0xa Src/syscalls.o
 .text._getpid  0x0000000000000000        0xc Src/syscalls.o
 .text._kill    0x0000000000000000       0x20 Src/syscalls.o
 .text._exit    0x0000000000000000       0x18 Src/syscalls.o
 .text._read    0x0000000000000000       0x3a Src/syscalls.o
 .text._write   0x0000000000000000       0x38 Src/syscalls.o
 .text._close   0x0000000000000000       0x14 Src/syscalls.o
 .text._fstat   0x0000000000000000       0x1c Src/syscalls.o
 .text._isatty  0x0000000000000000       0x12 Src/syscalls.o
 .text._lseek   0x0000000000000000       0x16 Src/syscalls.o
 .text._open    0x0000000000000000       0x1c Src/syscalls.o
 .text._wait    0x0000000000000000       0x1e Src/syscalls.o
 .text._unlink  0x0000000000000000       0x1e Src/syscalls.o
 .text._times   0x0000000000000000       0x14 Src/syscalls.o
 .text._stat    0x0000000000000000       0x1c Src/syscalls.o
 .text._link    0x0000000000000000       0x20 Src/syscalls.o
 .text._fork    0x0000000000000000       0x18 Src/syscalls.o
 .text._execve  0x0000000000000000       0x22 Src/syscalls.o
 .debug_info    0x0000000000000000      0xeb2 Src/syscalls.o
 .debug_abbrev  0x0000000000000000      0x252 Src/syscalls.o
 .debug_aranges
                0x0000000000000000       0xa8 Src/syscalls.o
 .debug_ranges  0x0000000000000000       0x98 Src/syscalls.o
 .debug_macro   0x0000000000000000      0x243 Src/syscalls.o
 .debug_macro   0x0000000000000000      0xa4e Src/syscalls.o
 .debug_macro   0x0000000000000000       0x22 Src/syscalls.o
 .debug_macro   0x0000000000000000       0x40 Src/syscalls.o
 .debug_macro   0x0000000000000000       0x18 Src/syscalls.o
 .debug_macro   0x0000000000000000       0x94 Src/syscalls.o
 .debug_macro   0x0000000000000000       0x3c Src/syscalls.o
 .debug_macro   0x0000000000000000       0x34 Src/syscalls.o
 .debug_macro   0x0000000000000000       0x57 Src/syscalls.o
 .debug_macro   0x0000000000000000      0x174 Src/syscalls.o
 .debug_macro   0x0000000000000000      0x330 Src/syscalls.o
 .debug_macro   0x0000000000000000       0x52 Src/syscalls.o
 .debug_macro   0x0000000000000000       0x1f Src/syscalls.o
 .debug_macro   0x0000000000000000       0x43 Src/syscalls.o
 .debug_macro   0x0000000000000000       0x20 Src/syscalls.o
 .debug_macro   0x0000000000000000      0x1a3 Src/syscalls.o
 .debug_macro   0x0000000000000000       0x10 Src/syscalls.o
 .debug_macro   0x0000000000000000       0x35 Src/syscalls.o
 .debug_macro   0x0000000000000000       0x10 Src/syscalls.o
 .debug_macro   0x0000000000000000       0x10 Src/syscalls.o
 .debug_macro   0x0000000000000000       0x10 Src/syscalls.o
 .debug_macro   0x0000000000000000       0x6a Src/syscalls.o
 .debug_macro   0x0000000000000000       0x1c Src/syscalls.o
 .debug_macro   0x0000000000000000       0x52 Src/syscalls.o
 .debug_macro   0x0000000000000000       0x40 Src/syscalls.o
 .debug_macro   0x0000000000000000       0x10 Src/syscalls.o
 .debug_macro   0x0000000000000000       0x40 Src/syscalls.o
 .debug_macro   0x0000000000000000       0xd7 Src/syscalls.o
 .debug_macro   0x0000000000000000       0x1c Src/syscalls.o
 .debug_macro   0x0000000000000000       0x3d Src/syscalls.o
 .debug_macro   0x0000000000000000       0x35 Src/syscalls.o
 .debug_macro   0x0000000000000000      0x122 Src/syscalls.o
 .debug_macro   0x0000000000000000       0x16 Src/syscalls.o
 .debug_macro   0x0000000000000000       0x16 Src/syscalls.o
 .debug_macro   0x0000000000000000       0x29 Src/syscalls.o
 .debug_macro   0x0000000000000000       0x10 Src/syscalls.o
 .debug_macro   0x0000000000000000      0x241 Src/syscalls.o
 .debug_macro   0x0000000000000000       0x1c Src/syscalls.o
 .debug_macro   0x0000000000000000       0x10 Src/syscalls.o
 .debug_macro   0x0000000000000000       0x10 Src/syscalls.o
 .debug_macro   0x0000000000000000       0x16 Src/syscalls.o
 .debug_macro   0x0000000000000000      0x145 Src/syscalls.o
 .debug_macro   0x0000000000000000      0x189 Src/syscalls.o
 .debug_macro   0x0000000000000000       0x16 Src/syscalls.o
 .debug_macro   0x0000000000000000       0x88 Src/syscalls.o
 .debug_line    0x0000000000000000      0x739 Src/syscalls.o
 .debug_str     0x0000000000000000     0x87dd Src/syscalls.o
 .comment       0x0000000000000000       0x7c Src/syscalls.o
 .debug_frame   0x0000000000000000      0x244 Src/syscalls.o
 .ARM.attributes
                0x0000000000000000       0x31 Src/syscalls.o
 .group         0x0000000000000000        0xc Src/sysmem.o
 .group         0x0000000000000000        0xc Src/sysmem.o
 .group         0x0000000000000000        0xc Src/sysmem.o
 .group         0x0000000000000000        0xc Src/sysmem.o
 .group         0x0000000000000000        0xc Src/sysmem.o
 .group         0x0000000000000000        0xc Src/sysmem.o
 .group         0x0000000000000000        0xc Src/sysmem.o
 .group         0x0000000000000000        0xc Src/sysmem.o
 .group         0x0000000000000000        0xc Src/sysmem.o
 .group         0x0000000000000000        0xc Src/sysmem.o
 .group         0x0000000000000000        0xc Src/sysmem.o
 .group         0x0000000000000000        0xc Src/sysmem.o
 .group         0x0000000000000000        0xc Src/sysmem.o
 .group         0x0000000000000000        0xc Src/sysmem.o
 .group         0x0000000000000000        0xc Src/sysmem.o
 .group         0x0000000000000000        0xc Src/sysmem.o
 .group         0x0000000000000000        0xc Src/sysmem.o
 .group         0x0000000000000000        0xc Src/sysmem.o
 .group         0x0000000000000000        0xc Src/sysmem.o
 .text          0x0000000000000000        0x0 Src/sysmem.o
 .data          0x0000000000000000        0x0 Src/sysmem.o
 .bss           0x0000000000000000        0x0 Src/sysmem.o
 .bss.__sbrk_heap_end
                0x0000000000000000        0x4 Src/sysmem.o
 .text._sbrk    0x0000000000000000       0x6c Src/sysmem.o
 .debug_info    0x0000000000000000      0x985 Src/sysmem.o
 .debug_abbrev  0x0000000000000000      0x19b Src/sysmem.o
 .debug_aranges
                0x0000000000000000       0x20 Src/sysmem.o
 .debug_ranges  0x0000000000000000       0x10 Src/sysmem.o
 .debug_macro   0x0000000000000000       0xee Src/sysmem.o
 .debug_macro   0x0000000000000000      0xa4e Src/sysmem.o
 .debug_macro   0x0000000000000000       0x10 Src/sysmem.o
 .debug_macro   0x0000000000000000       0x22 Src/sysmem.o
 .debug_macro   0x0000000000000000       0x40 Src/sysmem.o
 .debug_macro   0x0000000000000000       0x18 Src/sysmem.o
 .debug_macro   0x0000000000000000       0x94 Src/sysmem.o
 .debug_macro   0x0000000000000000       0x3c Src/sysmem.o
 .debug_macro   0x0000000000000000       0x34 Src/sysmem.o
 .debug_macro   0x0000000000000000      0x174 Src/sysmem.o
 .debug_macro   0x0000000000000000       0x57 Src/sysmem.o
 .debug_macro   0x0000000000000000       0x52 Src/sysmem.o
 .debug_macro   0x0000000000000000       0x1f Src/sysmem.o
 .debug_macro   0x0000000000000000       0x43 Src/sysmem.o
 .debug_macro   0x0000000000000000       0x20 Src/sysmem.o
 .debug_macro   0x0000000000000000      0x1a3 Src/sysmem.o
 .debug_macro   0x0000000000000000      0x23b Src/sysmem.o
 .debug_macro   0x0000000000000000       0xef Src/sysmem.o
 .debug_macro   0x0000000000000000       0x6a Src/sysmem.o
 .debug_macro   0x0000000000000000      0x1df Src/sysmem.o
 .debug_line    0x0000000000000000      0x4c2 Src/sysmem.o
 .debug_str     0x0000000000000000     0x5eb5 Src/sysmem.o
 .comment       0x0000000000000000       0x7c Src/sysmem.o
 .debug_frame   0x0000000000000000       0x30 Src/sysmem.o
 .ARM.attributes
                0x0000000000000000       0x31 Src/sysmem.o
 .text          0x0000000000000000       0x14 Startup/startup_stm32f030c8tx.o
 .data          0x0000000000000000        0x0 Startup/startup_stm32f030c8tx.o
 .bss           0x0000000000000000        0x0 Startup/startup_stm32f030c8tx.o
 .text          0x0000000000000000        0x0 c:/st/stm32cubeide_1.4.0/stm32cubeide/plugins/com.st.stm32cube.ide.mcu.externaltools.gnu-tools-for-stm32.7-2018-q2-update.win32_1.4.0.202007081208/tools/bin/../lib/gcc/arm-none-eabi/7.3.1/../../../../arm-none-eabi/lib/thumb/v6-m\libc_nano.a(lib_a-errno.o)
 .data          0x0000000000000000        0x0 c:/st/stm32cubeide_1.4.0/stm32cubeide/plugins/com.st.stm32cube.ide.mcu.externaltools.gnu-tools-for-stm32.7-2018-q2-update.win32_1.4.0.202007081208/tools/bin/../lib/gcc/arm-none-eabi/7.3.1/../../../../arm-none-eabi/lib/thumb/v6-m\libc_nano.a(lib_a-errno.o)
 .bss           0x0000000000000000        0x0 c:/st/stm32cubeide_1.4.0/stm32cubeide/plugins/com.st.stm32cube.ide.mcu.externaltools.gnu-tools-for-stm32.7-2018-q2-update.win32_1.4.0.202007081208/tools/bin/../lib/gcc/arm-none-eabi/7.3.1/../../../../arm-none-eabi/lib/thumb/v6-m\libc_nano.a(lib_a-errno.o)
 .text.__errno  0x0000000000000000        0xc c:/st/stm32cubeide_1.4.0/stm32cubeide/plugins/com.st.stm32cube.ide.mcu.externaltools.gnu-tools-for-stm32.7-2018-q2-update.win32_1.4.0.202007081208/tools/bin/../lib/gcc/arm-none-eabi/7.3.1/../../../../arm-none-eabi/lib/thumb/v6-m\libc_nano.a(lib_a-errno.o)
 .debug_frame   0x0000000000000000       0x20 c:/st/stm32cubeide_1.4.0/stm32cubeide/plugins/com.st.stm32cube.ide.mcu.externaltools.gnu-tools-for-stm32.7-2018-q2-update.win32_1.4.0.202007081208/tools/bin/../lib/gcc/arm-none-eabi/7.3.1/../../../../arm-none-eabi/lib/thumb/v6-m\libc_nano.a(lib_a-errno.o)
 .ARM.attributes
                0x0000000000000000       0x2c c:/st/stm32cubeide_1.4.0/stm32cubeide/plugins/com.st.stm32cube.ide.mcu.externaltools.gnu-tools-for-stm32.7-2018-q2-update.win32_1.4.0.202007081208/tools/bin/../lib/gcc/arm-none-eabi/7.3.1/../../../../arm-none-eabi/lib/thumb/v6-m\libc_nano.a(lib_a-errno.o)
 .text          0x0000000000000000        0x0 c:/st/stm32cubeide_1.4.0/stm32cubeide/plugins/com.st.stm32cube.ide.mcu.externaltools.gnu-tools-for-stm32.7-2018-q2-update.win32_1.4.0.202007081208/tools/bin/../lib/gcc/arm-none-eabi/7.3.1/../../../../arm-none-eabi/lib/thumb/v6-m\libc_nano.a(lib_a-exit.o)
 .data          0x0000000000000000        0x0 c:/st/stm32cubeide_1.4.0/stm32cubeide/plugins/com.st.stm32cube.ide.mcu.externaltools.gnu-tools-for-stm32.7-2018-q2-update.win32_1.4.0.202007081208/tools/bin/../lib/gcc/arm-none-eabi/7.3.1/../../../../arm-none-eabi/lib/thumb/v6-m\libc_nano.a(lib_a-exit.o)
 .bss           0x0000000000000000        0x0 c:/st/stm32cubeide_1.4.0/stm32cubeide/plugins/com.st.stm32cube.ide.mcu.externaltools.gnu-tools-for-stm32.7-2018-q2-update.win32_1.4.0.202007081208/tools/bin/../lib/gcc/arm-none-eabi/7.3.1/../../../../arm-none-eabi/lib/thumb/v6-m\libc_nano.a(lib_a-exit.o)
 .text.exit     0x0000000000000000       0x2c c:/st/stm32cubeide_1.4.0/stm32cubeide/plugins/com.st.stm32cube.ide.mcu.externaltools.gnu-tools-for-stm32.7-2018-q2-update.win32_1.4.0.202007081208/tools/bin/../lib/gcc/arm-none-eabi/7.3.1/../../../../arm-none-eabi/lib/thumb/v6-m\libc_nano.a(lib_a-exit.o)
 .debug_frame   0x0000000000000000       0x28 c:/st/stm32cubeide_1.4.0/stm32cubeide/plugins/com.st.stm32cube.ide.mcu.externaltools.gnu-tools-for-stm32.7-2018-q2-update.win32_1.4.0.202007081208/tools/bin/../lib/gcc/arm-none-eabi/7.3.1/../../../../arm-none-eabi/lib/thumb/v6-m\libc_nano.a(lib_a-exit.o)
 .ARM.attributes
                0x0000000000000000       0x2c c:/st/stm32cubeide_1.4.0/stm32cubeide/plugins/com.st.stm32cube.ide.mcu.externaltools.gnu-tools-for-stm32.7-2018-q2-update.win32_1.4.0.202007081208/tools/bin/../lib/gcc/arm-none-eabi/7.3.1/../../../../arm-none-eabi/lib/thumb/v6-m\libc_nano.a(lib_a-exit.o)
 .text          0x0000000000000000        0x0 c:/st/stm32cubeide_1.4.0/stm32cubeide/plugins/com.st.stm32cube.ide.mcu.externaltools.gnu-tools-for-stm32.7-2018-q2-update.win32_1.4.0.202007081208/tools/bin/../lib/gcc/arm-none-eabi/7.3.1/../../../../arm-none-eabi/lib/thumb/v6-m\libc_nano.a(lib_a-impure.o)
 .data          0x0000000000000000        0x0 c:/st/stm32cubeide_1.4.0/stm32cubeide/plugins/com.st.stm32cube.ide.mcu.externaltools.gnu-tools-for-stm32.7-2018-q2-update.win32_1.4.0.202007081208/tools/bin/../lib/gcc/arm-none-eabi/7.3.1/../../../../arm-none-eabi/lib/thumb/v6-m\libc_nano.a(lib_a-impure.o)
 .bss           0x0000000000000000        0x0 c:/st/stm32cubeide_1.4.0/stm32cubeide/plugins/com.st.stm32cube.ide.mcu.externaltools.gnu-tools-for-stm32.7-2018-q2-update.win32_1.4.0.202007081208/tools/bin/../lib/gcc/arm-none-eabi/7.3.1/../../../../arm-none-eabi/lib/thumb/v6-m\libc_nano.a(lib_a-impure.o)
 .data._impure_ptr
                0x0000000000000000        0x4 c:/st/stm32cubeide_1.4.0/stm32cubeide/plugins/com.st.stm32cube.ide.mcu.externaltools.gnu-tools-for-stm32.7-2018-q2-update.win32_1.4.0.202007081208/tools/bin/../lib/gcc/arm-none-eabi/7.3.1/../../../../arm-none-eabi/lib/thumb/v6-m\libc_nano.a(lib_a-impure.o)
 .data.impure_data
                0x0000000000000000       0x60 c:/st/stm32cubeide_1.4.0/stm32cubeide/plugins/com.st.stm32cube.ide.mcu.externaltools.gnu-tools-for-stm32.7-2018-q2-update.win32_1.4.0.202007081208/tools/bin/../lib/gcc/arm-none-eabi/7.3.1/../../../../arm-none-eabi/lib/thumb/v6-m\libc_nano.a(lib_a-impure.o)
 .rodata._global_impure_ptr
                0x0000000000000000        0x4 c:/st/stm32cubeide_1.4.0/stm32cubeide/plugins/com.st.stm32cube.ide.mcu.externaltools.gnu-tools-for-stm32.7-2018-q2-update.win32_1.4.0.202007081208/tools/bin/../lib/gcc/arm-none-eabi/7.3.1/../../../../arm-none-eabi/lib/thumb/v6-m\libc_nano.a(lib_a-impure.o)
 .ARM.attributes
                0x0000000000000000       0x2c c:/st/stm32cubeide_1.4.0/stm32cubeide/plugins/com.st.stm32cube.ide.mcu.externaltools.gnu-tools-for-stm32.7-2018-q2-update.win32_1.4.0.202007081208/tools/bin/../lib/gcc/arm-none-eabi/7.3.1/../../../../arm-none-eabi/lib/thumb/v6-m\libc_nano.a(lib_a-impure.o)
 .text          0x0000000000000000        0x0 c:/st/stm32cubeide_1.4.0/stm32cubeide/plugins/com.st.stm32cube.ide.mcu.externaltools.gnu-tools-for-stm32.7-2018-q2-update.win32_1.4.0.202007081208/tools/bin/../lib/gcc/arm-none-eabi/7.3.1/../../../../arm-none-eabi/lib/thumb/v6-m\libc_nano.a(lib_a-init.o)
 .data          0x0000000000000000        0x0 c:/st/stm32cubeide_1.4.0/stm32cubeide/plugins/com.st.stm32cube.ide.mcu.externaltools.gnu-tools-for-stm32.7-2018-q2-update.win32_1.4.0.202007081208/tools/bin/../lib/gcc/arm-none-eabi/7.3.1/../../../../arm-none-eabi/lib/thumb/v6-m\libc_nano.a(lib_a-init.o)
 .bss           0x0000000000000000        0x0 c:/st/stm32cubeide_1.4.0/stm32cubeide/plugins/com.st.stm32cube.ide.mcu.externaltools.gnu-tools-for-stm32.7-2018-q2-update.win32_1.4.0.202007081208/tools/bin/../lib/gcc/arm-none-eabi/7.3.1/../../../../arm-none-eabi/lib/thumb/v6-m\libc_nano.a(lib_a-init.o)
 .text          0x0000000000000000        0x0 c:/st/stm32cubeide_1.4.0/stm32cubeide/plugins/com.st.stm32cube.ide.mcu.externaltools.gnu-tools-for-stm32.7-2018-q2-update.win32_1.4.0.202007081208/tools/bin/../lib/gcc/arm-none-eabi/7.3.1/../../../../arm-none-eabi/lib/thumb/v6-m\libc_nano.a(lib_a-memset.o)
 .data          0x0000000000000000        0x0 c:/st/stm32cubeide_1.4.0/stm32cubeide/plugins/com.st.stm32cube.ide.mcu.externaltools.gnu-tools-for-stm32.7-2018-q2-update.win32_1.4.0.202007081208/tools/bin/../lib/gcc/arm-none-eabi/7.3.1/../../../../arm-none-eabi/lib/thumb/v6-m\libc_nano.a(lib_a-memset.o)
 .bss           0x0000000000000000        0x0 c:/st/stm32cubeide_1.4.0/stm32cubeide/plugins/com.st.stm32cube.ide.mcu.externaltools.gnu-tools-for-stm32.7-2018-q2-update.win32_1.4.0.202007081208/tools/bin/../lib/gcc/arm-none-eabi/7.3.1/../../../../arm-none-eabi/lib/thumb/v6-m\libc_nano.a(lib_a-memset.o)
 .text          0x0000000000000000        0x0 c:/st/stm32cubeide_1.4.0/stm32cubeide/plugins/com.st.stm32cube.ide.mcu.externaltools.gnu-tools-for-stm32.7-2018-q2-update.win32_1.4.0.202007081208/tools/bin/../lib/gcc/arm-none-eabi/7.3.1/thumb/v6-m/crtend.o
 .data          0x0000000000000000        0x0 c:/st/stm32cubeide_1.4.0/stm32cubeide/plugins/com.st.stm32cube.ide.mcu.externaltools.gnu-tools-for-stm32.7-2018-q2-update.win32_1.4.0.202007081208/tools/bin/../lib/gcc/arm-none-eabi/7.3.1/thumb/v6-m/crtend.o
 .bss           0x0000000000000000        0x0 c:/st/stm32cubeide_1.4.0/stm32cubeide/plugins/com.st.stm32cube.ide.mcu.externaltools.gnu-tools-for-stm32.7-2018-q2-update.win32_1.4.0.202007081208/tools/bin/../lib/gcc/arm-none-eabi/7.3.1/thumb/v6-m/crtend.o
 .eh_frame      0x0000000000000000        0x4 c:/st/stm32cubeide_1.4.0/stm32cubeide/plugins/com.st.stm32cube.ide.mcu.externaltools.gnu-tools-for-stm32.7-2018-q2-update.win32_1.4.0.202007081208/tools/bin/../lib/gcc/arm-none-eabi/7.3.1/thumb/v6-m/crtend.o
 .ARM.attributes
                0x0000000000000000       0x2c c:/st/stm32cubeide_1.4.0/stm32cubeide/plugins/com.st.stm32cube.ide.mcu.externaltools.gnu-tools-for-stm32.7-2018-q2-update.win32_1.4.0.202007081208/tools/bin/../lib/gcc/arm-none-eabi/7.3.1/thumb/v6-m/crtend.o
 .text          0x0000000000000000        0x0 c:/st/stm32cubeide_1.4.0/stm32cubeide/plugins/com.st.stm32cube.ide.mcu.externaltools.gnu-tools-for-stm32.7-2018-q2-update.win32_1.4.0.202007081208/tools/bin/../lib/gcc/arm-none-eabi/7.3.1/thumb/v6-m/crtn.o
 .data          0x0000000000000000        0x0 c:/st/stm32cubeide_1.4.0/stm32cubeide/plugins/com.st.stm32cube.ide.mcu.externaltools.gnu-tools-for-stm32.7-2018-q2-update.win32_1.4.0.202007081208/tools/bin/../lib/gcc/arm-none-eabi/7.3.1/thumb/v6-m/crtn.o
 .bss           0x0000000000000000        0x0 c:/st/stm32cubeide_1.4.0/stm32cubeide/plugins/com.st.stm32cube.ide.mcu.externaltools.gnu-tools-for-stm32.7-2018-q2-update.win32_1.4.0.202007081208/tools/bin/../lib/gcc/arm-none-eabi/7.3.1/thumb/v6-m/crtn.o

Memory Configuration

Name             Origin             Length             Attributes
RAM              0x0000000020000000 0x0000000000002000 xrw
ROM              0x0000000008000000 0x0000000000010000 xr
*default*        0x0000000000000000 0xffffffffffffffff

Linker script and memory map

LOAD c:/st/stm32cubeide_1.4.0/stm32cubeide/plugins/com.st.stm32cube.ide.mcu.externaltools.gnu-tools-for-stm32.7-2018-q2-update.win32_1.4.0.202007081208/tools/bin/../lib/gcc/arm-none-eabi/7.3.1/thumb/v6-m/crti.o
LOAD c:/st/stm32cubeide_1.4.0/stm32cubeide/plugins/com.st.stm32cube.ide.mcu.externaltools.gnu-tools-for-stm32.7-2018-q2-update.win32_1.4.0.202007081208/tools/bin/../lib/gcc/arm-none-eabi/7.3.1/thumb/v6-m/crtbegin.o
LOAD c:/st/stm32cubeide_1.4.0/stm32cubeide/plugins/com.st.stm32cube.ide.mcu.externaltools.gnu-tools-for-stm32.7-2018-q2-update.win32_1.4.0.202007081208/tools/bin/../lib/gcc/arm-none-eabi/7.3.1/../../../../arm-none-eabi/lib/thumb/v6-m/crt0.o
LOAD Src/DIO_prog.o
LOAD Src/DMA_main.o
LOAD Src/DMA_program.o
LOAD Src/EXTI_program.o
LOAD Src/NVIC_prog.o
LOAD Src/PB_prog.o
LOAD Src/RCC_program.o
LOAD Src/STK_program.o
LOAD Src/syscalls.o
LOAD Src/sysmem.o
LOAD Startup/startup_stm32f030c8tx.o
START GROUP
LOAD c:/st/stm32cubeide_1.4.0/stm32cubeide/plugins/com.st.stm32cube.ide.mcu.externaltools.gnu-tools-for-stm32.7-2018-q2-update.win32_1.4.0.202007081208/tools/bin/../lib/gcc/arm-none-eabi/7.3.1/../../../../arm-none-eabi/lib/thumb/v6-m\libc_nano.a
LOAD c:/st/stm32cubeide_1.4.0/stm32cubeide/plugins/com.st.stm32cube.ide.mcu.externaltools.gnu-tools-for-stm32.7-2018-q2-update.win32_1.4.0.202007081208/tools/bin/../lib/gcc/arm-none-eabi/7.3.1/../../../../arm-none-eabi/lib/thumb/v6-m\libm.a
END GROUP
START GROUP
LOAD c:/st/stm32cubeide_1.4.0/stm32cubeide/plugins/com.st.stm32cube.ide.mcu.externaltools.gnu-tools-for-stm32.7-2018-q2-update.win32_1.4.0.202007081208/tools/bin/../lib/gcc/arm-none-eabi/7.3.1/thumb/v6-m\libgcc.a
LOAD c:/st/stm32cubeide_1.4.0/stm32cubeide/plugins/com.st.stm32cube.ide.mcu.externaltools.gnu-tools-for-stm32.7-2018-q2-update.win32_1.4.0.202007081208/tools/bin/../lib/gcc/arm-none-eabi/7.3.1/../../../../arm-none-eabi/lib/thumb/v6-m\libc_nano.a
END GROUP
START GROUP
LOAD c:/st/stm32cubeide_1.4.0/stm32cubeide/plugins/com.st.stm32cube.ide.mcu.externaltools.gnu-tools-for-stm32.7-2018-q2-update.win32_1.4.0.202007081208/tools/bin/../lib/gcc/arm-none-eabi/7.3.1/thumb/v6-m\libgcc.a
LOAD c:/st/stm32cubeide_1.4.0/stm32cubeide/plugins/com.st.stm32cube.ide.mcu.externaltools.gnu-tools-for-stm32.7-2018-q2-update.win32_1.4.0.202007081208/tools/bin/../lib/gcc/arm-none-eabi/7.3.1/../../../../arm-none-eabi/lib/thumb/v6-m\libc_nano.a
LOAD c:/st/stm32cubeide_1.4.0/stm32cubeide/plugins/com.st.stm32cube.ide.mcu.externaltools.gnu-tools-for-stm32.7-2018-q2-update.win32_1.4.0.202007081208/tools/bin/../lib/gcc/arm-none-eabi/7.3.1/../../../../arm-none-eabi/lib/thumb/v6-m\libnosys.a
END GROUP
START GROUP
LOAD c:/st/stm32cubeide_1.4.0/stm32cubeide/plugins/com.st.stm32cube.ide.mcu.externaltools.gnu-tools-for-stm32.7-2018-q2-update.win32_1.4.0.202007081208/tools/bin/../lib/gcc/arm-none-eabi/7.3.1/thumb/v6-m\libgcc.a
LOAD c:/st/stm32cubeide_1.4.0/stm32cubeide/plugins/com.st.stm32cube.ide.mcu.externaltools.gnu-tools-for-stm32.7-2018-q2-update.win32_1.4.0.202007081208/tools/bin/../lib/gcc/arm-none-eabi/7.3.1/../../../../arm-none-eabi/lib/thumb/v6-m\libc_nano.a
LOAD c:/st/stm32cubeide_1.4.0/stm32cubeide/plugins/com.st.stm32cube.ide.mcu.externaltools.gnu-tools-for-stm32.7-2018-q2-update.win32_1.4.0.202007081208/tools/bin/../lib/gcc/arm-none-eabi/7.3.1/../../../../arm-none-eabi/lib/thumb/v6-m\libnosys.a
END GROUP
LOAD c:/st/stm32cubeide_1.4.0/stm32cubeide/plugins/com.st.stm32cube.ide.mcu.externaltools.gnu-tools-for-stm32.7-2018-q2-update.win32_1.4.0.202007081208/tools/bin/../lib/gcc/arm-none-eabi/7.3.1/thumb/v6-m/crtend.o
LOAD c:/st/stm32cubeide_1.4.0/stm32cubeide/plugins/com.st.stm32cube.ide.mcu.externaltools.gnu-tools-for-stm32.7-2018-q2-update.win32_1.4.0.202007081208/tools/bin/../lib/gcc/arm-none-eabi/7.3.1/thumb/v6-m/crtn.o
                0x0000000020002000                _estack = (ORIGIN (RAM) + LENGTH (RAM))
                0x0000000000000200                _Min_Heap_Size = 0x200
                0x0000000000000400                _Min_Stack_Size = 0x400

.isr_vector     0x0000000008000000       0xc0
                0x0000000008000000                . = ALIGN (0x4)
 *(.isr_vector)
 .isr_vector    0x0000000008000000       0xc0 Startup/startup_stm32f030c8tx.o
                0x0000000008000000                g_pfnVectors
                0x00000000080000c0                . = ALIGN (0x4)

.text           0x00000000080000c0      0x420
                0x00000000080000c0                . = ALIGN (0x4)
 *(.text)
 .text          0x00000000080000c0       0x48 c:/st/stm32cubeide_1.4.0/stm32cubeide/plugins/com.st.stm32cube.ide.mcu.externaltools.gnu-tools-for-stm32.7-2018-q2-update.win32_1.4.0.202007081208/tools/bin/../lib/gcc/arm-none-eabi/7.3.1/thumb/v6-m/crtbegin.o
 *(.text*)
 .text.main     0x0000000008000108      0x130 Src/DMA_main.o
                0x0000000008000108                main
 .text.DMA1_voidChannelInit
                0x0000000008000238       0x18 Src/DMA_program.o
                0x0000000008000238                DMA1_voidChannelInit
 .text.DMA1_voidChannelStart
                0x0000000008000250       0x48 Src/DMA_program.o
                0x0000000008000250                DMA1_voidChannelStart
 .text.NVIC_void_Init
                0x0000000008000298       0x18 Src/NVIC_prog.o
                0x0000000008000298                NVIC_void_Init
 .text.NVIC_void_EnableInt
                0x00000000080002b0       0x50 Src/NVIC_prog.o
                0x00000000080002b0                NVIC_void_EnableInt
 .text.MRCC_voidSysClkInit
                0x0000000008000300       0x38 Src/RCC_program.o
                0x0000000008000300                MRCC_voidSysClkInit
 .text.MRCC_voidEnablePerClk
                0x0000000008000338       0x88 Src/RCC_program.o
                0x0000000008000338                MRCC_voidEnablePerClk
 .text.SysTick_Handler
                0x00000000080003c0       0x5c Src/STK_program.o
                0x00000000080003c0                SysTick_Handler
 .text.Reset_Handler
                0x000000000800041c       0x50 Startup/startup_stm32f030c8tx.o
                0x000000000800041c                Reset_Handler
 .text.Default_Handler
                0x000000000800046c        0x2 Startup/startup_stm32f030c8tx.o
                0x000000000800046c                TIM1_CC_IRQHandler
                0x000000000800046c                HardFault_Handler
                0x000000000800046c                TIM6_IRQHandler
                0x000000000800046c                PVD_IRQHandler
                0x000000000800046c                PendSV_Handler
                0x000000000800046c                NMI_Handler
                0x000000000800046c                I2C1_IRQHandler
                0x000000000800046c                SPI1_IRQHandler
                0x000000000800046c                EXTI2_3_IRQHandler
                0x000000000800046c                I2C2_IRQHandler
                0x000000000800046c                TIM17_IRQHandler
                0x000000000800046c                RTC_IRQHandler
                0x000000000800046c                TIM16_IRQHandler
                0x000000000800046c                TIM3_IRQHandler
                0x000000000800046c                EXTI4_15_IRQHandler
                0x000000000800046c                RCC_IRQHandler
                0x000000000800046c                Default_Handler
                0x000000000800046c                TIM14_IRQHandler
                0x000000000800046c                ADC_IRQHandler
                0x000000000800046c                DMA1_CH2_3_IRQHandler
                0x000000000800046c                TIM15_IRQHandler
                0x000000000800046c                EXTI0_1_IRQHandler
                0x000000000800046c                USB_IRQHandler
                0x000000000800046c                SPI2_IRQHandler
                0x000000000800046c                DMA1_CH1_IRQHandler
                0x000000000800046c                SVC_Handler
                0x000000000800046c                DMA1_CH4_5_IRQHandler
                0x000000000800046c                WWDG_IRQHandler
                0x000000000800046c                USART2_IRQHandler
                0x000000000800046c                FLASH_IRQHandler
                0x000000000800046c                USART1_IRQHandler
                0x000000000800046c                TIM1_BRK_UP_TRG_COM_IRQHandler
                0x000000000800046c                USART3_4_5_6_IRQHandler
 *fill*         0x000000000800046e        0x2 
 .text.__libc_init_array
                0x0000000008000470       0x48 c:/st/stm32cubeide_1.4.0/stm32cubeide/plugins/com.st.stm32cube.ide.mcu.externaltools.gnu-tools-for-stm32.7-2018-q2-update.win32_1.4.0.202007081208/tools/bin/../lib/gcc/arm-none-eabi/7.3.1/../../../../arm-none-eabi/lib/thumb/v6-m\libc_nano.a(lib_a-init.o)
                0x0000000008000470                __libc_init_array
 .text.memset   0x00000000080004b8       0x10 c:/st/stm32cubeide_1.4.0/stm32cubeide/plugins/com.st.stm32cube.ide.mcu.externaltools.gnu-tools-for-stm32.7-2018-q2-update.win32_1.4.0.202007081208/tools/bin/../lib/gcc/arm-none-eabi/7.3.1/../../../../arm-none-eabi/lib/thumb/v6-m\libc_nano.a(lib_a-memset.o)
                0x00000000080004b8                memset
 *(.glue_7)
 .glue_7        0x00000000080004c8        0x0 linker stubs
 *(.glue_7t)
 .glue_7t       0x00000000080004c8        0x0 linker stubs
 *(.eh_frame)
 .eh_frame      0x00000000080004c8        0x0 c:/st/stm32cubeide_1.4.0/stm32cubeide/plugins/com.st.stm32cube.ide.mcu.externaltools.gnu-tools-for-stm32.7-2018-q2-update.win32_1.4.0.202007081208/tools/bin/../lib/gcc/arm-none-eabi/7.3.1/thumb/v6-m/crtbegin.o
 *(.init)
 .init          0x00000000080004c8        0x4 c:/st/stm32cubeide_1.4.0/stm32cubeide/plugins/com.st.stm32cube.ide.mcu.externaltools.gnu-tools-for-stm32.7-2018-q2-update.win32_1.4.0.202007081208/tools/bin/../lib/gcc/arm-none-eabi/7.3.1/thumb/v6-m/crti.o
                0x00000000080004c8                _init
 .init          0x00000000080004cc        0x8 c:/st/stm32cubeide_1.4.0/stm32cubeide/plugins/com.st.stm32cube.ide.mcu.externaltools.gnu-tools-for-stm32.7-2018-q2-update.win32_1.4.0.202007081208/tools/bin/../lib/gcc/arm-none-eabi/7.3.1/thumb/v6-m/crtn.o
 *(.fini)
 .fini          0x00000000080004d4        0x4 c:/st/stm32cubeide_1.4.0/stm32cubeide/plugins/com.st.stm32cube.ide.mcu.externaltools.gnu-tools-for-stm32.7-2018-q2-update.win32_1.4.0.202007081208/tools/bin/../lib/gcc/arm-none-eabi/7.3.1/thumb/v6-m/crti.o
                0x00000000080004d4                _fini
 .fini          0x00000000080004d8        0x8 c:/st/stm32cubeide_1.4.0/stm32cubeide/plugins/com.st.stm32cube.ide.mcu.externaltools.gnu-tools-for-stm32.7-2018-q2-update.win32_1.4.0.202007081208/tools/bin/../lib/gcc/arm-none-eabi/7.3.1/thumb/v6-m/crtn.o
                0x00000000080004e0                . = ALIGN (0x4)
                0x00000000080004e0                _etext = .

.vfp11_veneer   0x00000000080004e0        0x0
 .vfp11_veneer  0x00000000080004e0        0x0 linker stubs

.v4_bx          0x00000000080004e0        0x0
 .v4_bx         0x00000000080004e0        0x0 linker stubs

.iplt           0x00000000080004e0        0x0
 .iplt          0x00000000080004e0        0x0 c:/st/stm32cubeide_1.4.0/stm32cubeide/plugins/com.st.stm32cube.ide.mcu.externaltools.gnu-tools-for-stm32.7-2018-q2-update.win32_1.4.0.202007081208/tools/bin/../lib/gcc/arm-none-eabi/7.3.1/thumb/v6-m/crtbegin.o

.rel.dyn        0x00000000080004e0        0x0
 .rel.iplt      0x00000000080004e0        0x0 c:/st/stm32cubeide_1.4.0/stm32cubeide/plugins/com.st.stm32cube.ide.mcu.externaltools.gnu-tools-for-stm32.7-2018-q2-update.win32_1.4.0.202007081208/tools/bin/../lib/gcc/arm-none-eabi/7.3.1/thumb/v6-m/crtbegin.o

.rodata         0x00000000080004e0        0x0
                0x00000000080004e0                . = ALIGN (0x4)
 *(.rodata)
 *(.rodata*)
                0x00000000080004e0                . = ALIGN (0x4)

.ARM.extab      0x00000000080004e0        0x0
                0x00000000080004e0                . = ALIGN (0x4)
 *(.ARM.extab* .gnu.linkonce.armextab.*)
                0x00000000080004e0                . = ALIGN (0x4)

.ARM            0x00000000080004e0        0x0
                0x00000000080004e0                . = ALIGN (0x4)
                0x00000000080004e0                __exidx_start = .
 *(.ARM.exidx*)
                0x00000000080004e0                __exidx_end = .
                0x00000000080004e0                . = ALIGN (0x4)

.preinit_array  0x00000000080004e0        0x0
                0x00000000080004e0                . = ALIGN (0x4)
                0x00000000080004e0                PROVIDE (__preinit_array_start = .)
 *(.preinit_array*)
                0x00000000080004e0                PROVIDE (__preinit_array_end = .)
                0x00000000080004e0                . = ALIGN (0x4)

.init_array     0x00000000080004e0        0x4
                0x00000000080004e0                . = ALIGN (0x4)
                0x00000000080004e0                PROVIDE (__init_array_start = .)
 *(SORT_BY_NAME(.init_array.*))
 *(.init_array*)
 .init_array    0x00000000080004e0        0x4 c:/st/stm32cubeide_1.4.0/stm32cubeide/plugins/com.st.stm32cube.ide.mcu.externaltools.gnu-tools-for-stm32.7-2018-q2-update.win32_1.4.0.202007081208/tools/bin/../lib/gcc/arm-none-eabi/7.3.1/thumb/v6-m/crtbegin.o
                0x00000000080004e4                PROVIDE (__init_array_end = .)
                0x00000000080004e4                . = ALIGN (0x4)

.fini_array     0x00000000080004e4        0x4
                0x00000000080004e4                . = ALIGN (0x4)
                [!provide]                        PROVIDE (__fini_array_start = .)
 *(SORT_BY_NAME(.fini_array.*))
 *(.fini_array*)
 .fini_array    0x00000000080004e4        0x4 c:/st/stm32cubeide_1.4.0/stm32cubeide/plugins/com.st.stm32cube.ide.mcu.externaltools.gnu-tools-for-stm32.7-2018-q2-update.win32_1.4.0.202007081208/tools/bin/../lib/gcc/arm-none-eabi/7.3.1/thumb/v6-m/crtbegin.o
                [!provide]                        PROVIDE (__fini_array_end = .)
                0x00000000080004e8                . = ALIGN (0x4)
                0x00000000080004e8                _sidata = LOADADDR (.data)

.data           0x0000000020000000        0x0 load address 0x00000000080004e8
                0x0000000020000000                . = ALIGN (0x4)
                0x0000000020000000                _sdata = .
 *(.data)
 *(.data*)
                0x0000000020000000                . = ALIGN (0x4)
                0x0000000020000000                _edata = .

.igot.plt       0x0000000020000000        0x0 load address 0x00000000080004e8
 .igot.plt      0x0000000020000000        0x0 c:/st/stm32cubeide_1.4.0/stm32cubeide/plugins/com.st.stm32cube.ide.mcu.externaltools.gnu-tools-for-stm32.7-2018-q2-update.win32_1.4.0.202007081208/tools/bin/../lib/gcc/arm-none-eabi/7.3.1/thumb/v6-m/crtbegin.o
                0x0000000020000000                . = ALIGN (0x4)

.bss            0x0000000020000000       0x24 load address 0x00000000080004e8
                0x0000000020000000                _sbss = .
                0x0000000020000000                __bss_start__ = _sbss
 *(.bss)
 .bss           0x0000000020000000       0x1c c:/st/stm32cubeide_1.4.0/stm32cubeide/plugins/com.st.stm32cube.ide.mcu.externaltools.gnu-tools-for-stm32.7-2018-q2-update.win32_1.4.0.202007081208/tools/bin/../lib/gcc/arm-none-eabi/7.3.1/thumb/v6-m/crtbegin.o
 *(.bss*)
 .bss.SysTick_CallBack
                0x000000002000001c        0x4 Src/STK_program.o
 .bss.STK_u8ModeOfInterval
                0x0000000020000020        0x1 Src/STK_program.o
 *(COMMON)
 *fill*         0x0000000020000021        0x1 
 COMMON         0x0000000020000022        0x2 Src/DMA_main.o
                0x0000000020000022                Count
                0x0000000020000024                . = ALIGN (0x4)
                0x0000000020000024                _ebss = .
                0x0000000020000024                __bss_end__ = _ebss

._user_heap_stack
                0x0000000020000024      0x604 load address 0x00000000080004e8
                0x0000000020000028                . = ALIGN (0x8)
 *fill*         0x0000000020000024        0x4 
                [!provide]                        PROVIDE (end = .)
                0x0000000020000028                PROVIDE (_end = .)
                0x0000000020000228                . = (. + _Min_Heap_Size)
 *fill*         0x0000000020000028      0x200 
                0x0000000020000628                . = (. + _Min_Stack_Size)
 *fill*         0x0000000020000228      0x400 
                0x0000000020000628                . = ALIGN (0x8)

/DISCARD/
 libc.a(*)
 libm.a(*)
 libgcc.a(*)

.ARM.attributes
                0x0000000000000000       0x28
 *(.ARM.attributes)
 .ARM.attributes
                0x0000000000000000       0x1e c:/st/stm32cubeide_1.4.0/stm32cubeide/plugins/com.st.stm32cube.ide.mcu.externaltools.gnu-tools-for-stm32.7-2018-q2-update.win32_1.4.0.202007081208/tools/bin/../lib/gcc/arm-none-eabi/7.3.1/thumb/v6-m/crti.o
 .ARM.attributes
                0x000000000000001e       0x2c c:/st/stm32cubeide_1.4.0/stm32cubeide/plugins/com.st.stm32cube.ide.mcu.externaltools.gnu-tools-for-stm32.7-2018-q2-update.win32_1.4.0.202007081208/tools/bin/../lib/gcc/arm-none-eabi/7.3.1/thumb/v6-m/crtbegin.o
 .ARM.attributes
                0x000000000000004a       0x31 Src/DMA_main.o
 .ARM.attributes
                0x000000000000007b       0x31 Src/DMA_program.o
 .ARM.attributes
                0x00000000000000ac       0x31 Src/NVIC_prog.o
 .ARM.attributes
                0x00000000000000dd       0x31 Src/RCC_program.o
 .ARM.attributes
                0x000000000000010e       0x31 Src/STK_program.o
 .ARM.attributes
                0x000000000000013f       0x21 Startup/startup_stm32f030c8tx.o
 .ARM.attributes
                0x0000000000000160       0x2c c:/st/stm32cubeide_1.4.0/stm32cubeide/plugins/com.st.stm32cube.ide.mcu.externaltools.gnu-tools-for-stm32.7-2018-q2-update.win32_1.4.0.202007081208/tools/bin/../lib/gcc/arm-none-eabi/7.3.1/../../../../arm-none-eabi/lib/thumb/v6-m\libc_nano.a(lib_a-init.o)
 .ARM.attributes
                0x000000000000018c       0x2c c:/st/stm32cubeide_1.4.0/stm32cubeide/plugins/com.st.stm32cube.ide.mcu.externaltools.gnu-tools-for-stm32.7-2018-q2-update.win32_1.4.0.202007081208/tools/bin/../lib/gcc/arm-none-eabi/7.3.1/../../../../arm-none-eabi/lib/thumb/v6-m\libc_nano.a(lib_a-memset.o)
 .ARM.attributes
                0x00000000000001b8       0x1e c:/st/stm32cubeide_1.4.0/stm32cubeide/plugins/com.st.stm32cube.ide.mcu.externaltools.gnu-tools-for-stm32.7-2018-q2-update.win32_1.4.0.202007081208/tools/bin/../lib/gcc/arm-none-eabi/7.3.1/thumb/v6-m/crtn.o
OUTPUT(DMA.elf elf32-littlearm)

.debug_info     0x0000000000000000      0x7ad
 .debug_info    0x0000000000000000      0x127 Src/DMA_main.o
 .debug_info    0x0000000000000127      0x173 Src/DMA_program.o
 .debug_info    0x000000000000029a      0x200 Src/NVIC_prog.o
 .debug_info    0x000000000000049a       0xec Src/RCC_program.o
 .debug_info    0x0000000000000586      0x205 Src/STK_program.o
 .debug_info    0x000000000000078b       0x22 Startup/startup_stm32f030c8tx.o

.debug_abbrev   0x0000000000000000      0x3e7
 .debug_abbrev  0x0000000000000000       0xb8 Src/DMA_main.o
 .debug_abbrev  0x00000000000000b8       0xca Src/DMA_program.o
 .debug_abbrev  0x0000000000000182       0xd0 Src/NVIC_prog.o
 .debug_abbrev  0x0000000000000252       0x70 Src/RCC_program.o
 .debug_abbrev  0x00000000000002c2      0x113 Src/STK_program.o
 .debug_abbrev  0x00000000000003d5       0x12 Startup/startup_stm32f030c8tx.o

.debug_aranges  0x0000000000000000      0x168
 .debug_aranges
                0x0000000000000000       0x28 Src/DMA_main.o
 .debug_aranges
                0x0000000000000028       0x28 Src/DMA_program.o
 .debug_aranges
                0x0000000000000050       0x68 Src/NVIC_prog.o
 .debug_aranges
                0x00000000000000b8       0x30 Src/RCC_program.o
 .debug_aranges
                0x00000000000000e8       0x58 Src/STK_program.o
 .debug_aranges
                0x0000000000000140       0x28 Startup/startup_stm32f030c8tx.o

.debug_ranges   0x0000000000000000      0x110
 .debug_ranges  0x0000000000000000       0x18 Src/DMA_main.o
 .debug_ranges  0x0000000000000018       0x18 Src/DMA_program.o
 .debug_ranges  0x0000000000000030       0x58 Src/NVIC_prog.o
 .debug_ranges  0x0000000000000088       0x20 Src/RCC_program.o
 .debug_ranges  0x00000000000000a8       0x48 Src/STK_program.o
 .debug_ranges  0x00000000000000f0       0x20 Startup/startup_stm32f030c8tx.o

.debug_macro    0x0000000000000000      0x21d
 .debug_macro   0x0000000000000000       0x53 Src/DMA_main.o
 .debug_macro   0x0000000000000053       0x1c Src/DMA_main.o
 .debug_macro   0x000000000000006f       0x36 Src/DMA_program.o
 .debug_macro   0x00000000000000a5       0x10 Src/DMA_program.o
 .debug_macro   0x00000000000000b5       0x45 Src/NVIC_prog.o
 .debug_macro   0x00000000000000fa       0x3e Src/RCC_program.o
 .debug_macro   0x0000000000000138       0x5e Src/RCC_program.o
 .debug_macro   0x0000000000000196       0x10 Src/RCC_program.o
 .debug_macro   0x00000000000001a6       0x3f Src/STK_program.o
 .debug_macro   0x00000000000001e5       0x28 Src/STK_program.o
 .debug_macro   0x000000000000020d       0x10 Src/STK_program.o

.debug_line     0x0000000000000000      0x581
 .debug_line    0x0000000000000000      0x102 Src/DMA_main.o
 .debug_line    0x0000000000000102       0xa3 Src/DMA_program.o
 .debug_line    0x00000000000001a5      0x150 Src/NVIC_prog.o
 .debug_line    0x00000000000002f5       0xd6 Src/RCC_program.o
 .debug_line    0x00000000000003cb      0x132 Src/STK_program.o
 .debug_line    0x00000000000004fd       0x84 Startup/startup_stm32f030c8tx.o

.debug_str      0x0000000000000000     0x38f1
 .debug_str     0x0000000000000000     0x2fb9 Src/DMA_main.o
                                       0x3018 (size before relaxing)
 .debug_str     0x0000000000002fb9       0xc4 Src/DMA_program.o
                                       0x2e24 (size before relaxing)
 .debug_str     0x000000000000307d      0x411 Src/NVIC_prog.o
                                       0x316a (size before relaxing)
 .debug_str     0x000000000000348e      0x25e Src/RCC_program.o
                                       0x2fd1 (size before relaxing)
 .debug_str     0x00000000000036ec      0x1d4 Src/STK_program.o
                                       0x2f27 (size before relaxing)
 .debug_str     0x00000000000038c0       0x31 Startup/startup_stm32f030c8tx.o
                                         0x68 (size before relaxing)

.comment        0x0000000000000000       0x7b
 .comment       0x0000000000000000       0x7b Src/DMA_main.o
                                         0x7c (size before relaxing)
 .comment       0x000000000000007b       0x7c Src/DMA_program.o
 .comment       0x000000000000007b       0x7c Src/NVIC_prog.o
 .comment       0x000000000000007b       0x7c Src/RCC_program.o
 .comment       0x000000000000007b       0x7c Src/STK_program.o

.debug_frame    0x0000000000000000      0x3a0
 .debug_frame   0x0000000000000000       0x4c Src/DMA_main.o
 .debug_frame   0x000000000000004c       0x4c Src/DMA_program.o
 .debug_frame   0x0000000000000098      0x148 Src/NVIC_prog.o
 .debug_frame   0x00000000000001e0       0x6c Src/RCC_program.o
 .debug_frame   0x000000000000024c      0x108 Src/STK_program.o
 .debug_frame   0x0000000000000354       0x2c c:/st/stm32cubeide_1.4.0/stm32cubeide/plugins/com.st.stm32cube.ide.mcu.externaltools.gnu-tools-for-stm32.7-2018-q2-update.win32_1.4.0.202007081208/tools/bin/../lib/gcc/arm-none-eabi/7.3.1/../../../../arm-none-eabi/lib/thumb/v6-m\libc_nano.a(lib_a-init.o)
 .debug_frame   0x0000000000000380       0x20 c:/st/stm32cubeide_1.4.0/stm32cubeide/plugins/com.st.stm32cube.ide.mcu.externaltools.gnu-tools-for-stm32.7-2018-q2-update.win32_1.4.0.202007081208/tools/bin/../lib/gcc/arm-none-eabi/7.3.1/../../../../arm-none-eabi/lib/thumb/v6-m\libc_nano.a(lib_a-memset.o)
